Document: uima-ref
Title: Reference for UIMA Java SDK
Author: Apache Software Foundation
Abstract: Reference for UIMA Java SDK
Section: Science/Data Analysis

Format: HTML
Index: /usr/share/doc/uima/manuals/references/references.html
Files: /usr/share/doc/uima/manuals/references/references.html

Format: PDF
Files: /usr/share/doc/uima/manuals/references/references.pdf
